../Src/main.h:89:6:init_gpio_pin	1
../Src/main.h:94:6:gpio_pin_high	1
../Src/main.h:98:6:gpio_pin_low	1
../Src/main.h:102:6:gpio_pin_toggle	1
../Src/main.h:106:6:init_gpioa_pin	1
../Src/main.h:110:6:gpioa_pin_high	1
../Src/main.h:114:6:gpioa_pin_low	1
../Src/main.h:118:6:gpioa_pin_toggle	1
../Src/main.h:122:6:init_gpiob_pin	1
../Src/main.h:126:6:gpiob_pin_high	1
../Src/main.h:130:6:gpiob_pin_low	1
../Src/main.h:134:6:gpiob_pin_toggle	1
../Src/main.h:139:6:init_timing	1
../Src/main.h:148:6:delay_s	2
../Src/main.h:155:6:delay_ms	2
../Src/main.h:162:6:delay_us	2
../Src/main.h:169:6:init_tim2_pwm	1
../Src/main.h:184:6:init_tim2_pwm_ch1	1
../Src/main.h:200:6:init_tim2_pwm_ch2	1
../Src/main.h:216:6:init_tim2_pwm_ch3	1
../Src/main.h:229:6:init_tim2_pwm_gpioa_pin	2
../Src/main.h:243:6:init_tim2_pwm_gpiob_pin	2
../Src/main.h:259:6:set_motor1_speed	2
../Src/main.h:264:6:set_motor2_speed	2
../Src/main.h:269:6:set_motor3_speed	2
../Src/main.h:274:6:set_valve	2
../Src/main.h:289:6:play_note	3
../Src/main.c:35:5:main	2
