../Src/main.h:98:6:init_uart2	1
../Src/main.h:121:6:uart_read_char	2
../Src/main.h:128:6:uart_write_char	2
../Src/main.h:137:6:uart_write_string	2
../Src/main.h:143:6:init_gpio_pin	1
../Src/main.h:148:6:gpio_pin_high	1
../Src/main.h:152:6:gpio_pin_low	1
../Src/main.h:156:6:gpio_pin_toggle	1
../Src/main.h:160:6:init_gpioa_pin	1
../Src/main.h:164:6:gpioa_pin_high	1
../Src/main.h:168:6:gpioa_pin_low	1
../Src/main.h:172:6:gpioa_pin_toggle	1
../Src/main.h:176:6:init_gpiob_pin	1
../Src/main.h:180:6:gpiob_pin_high	1
../Src/main.h:184:6:gpiob_pin_low	1
../Src/main.h:188:6:gpiob_pin_toggle	1
../Src/main.h:193:6:init_timing	1
../Src/main.h:202:6:delay_s	2
../Src/main.h:209:6:delay_ms	2
../Src/main.h:216:6:delay_us	2
../Src/main.h:223:6:init_tim2_pwm_ch1	1
../Src/main.h:239:6:init_tim2_pwm_ch2	1
../Src/main.h:255:6:init_tim2_pwm_ch3	1
../Src/main.h:268:6:init_tim2_pwm	1
../Src/main.h:283:6:init_tim2_pwm_gpioa_pin	2
../Src/main.h:297:6:init_tim2_pwm_gpiob_pin	2
../Src/main.h:313:6:set_motor1_speed	2
../Src/main.h:318:6:set_motor2_speed	2
../Src/main.h:323:6:set_motor3_speed	2
../Src/main.h:328:6:set_valve	3
../Src/main.h:348:6:play_note	6
../Src/main.c:50:5:main	2
