../Src/main.h:98:6:init_uart2	4	static
../Src/main.h:121:6:uart_read_char	4	static
../Src/main.h:128:6:uart_write_char	16	static
../Src/main.h:137:6:uart_write_string	16	static
../Src/main.h:143:6:init_gpio_pin	16	static
../Src/main.h:148:6:gpio_pin_high	16	static
../Src/main.h:152:6:gpio_pin_low	16	static
../Src/main.h:156:6:gpio_pin_toggle	16	static
../Src/main.h:160:6:init_gpioa_pin	16	static
../Src/main.h:164:6:gpioa_pin_high	16	static
../Src/main.h:168:6:gpioa_pin_low	16	static
../Src/main.h:172:6:gpioa_pin_toggle	16	static
../Src/main.h:176:6:init_gpiob_pin	16	static
../Src/main.h:180:6:gpiob_pin_high	16	static
../Src/main.h:184:6:gpiob_pin_low	16	static
../Src/main.h:188:6:gpiob_pin_toggle	16	static
../Src/main.h:193:6:init_timing	4	static
../Src/main.h:202:6:delay_s	24	static
../Src/main.h:209:6:delay_ms	24	static
../Src/main.h:216:6:delay_us	24	static
../Src/main.h:223:6:init_tim2_pwm_ch1	4	static
../Src/main.h:239:6:init_tim2_pwm_ch2	4	static
../Src/main.h:255:6:init_tim2_pwm_ch3	4	static
../Src/main.h:268:6:init_tim2_pwm	8	static
../Src/main.h:283:6:init_tim2_pwm_gpioa_pin	16	static
../Src/main.h:297:6:init_tim2_pwm_gpiob_pin	16	static
../Src/main.h:313:6:set_motor1_speed	16	static
../Src/main.h:318:6:set_motor2_speed	16	static
../Src/main.h:323:6:set_motor3_speed	16	static
../Src/main.h:328:6:set_valve	24	static
../Src/main.h:348:6:play_note	32	static
../Src/main.c:50:5:main	16	static
